// Jest Snapshot v1, https://goo.gl/fbAQLP

exports[`baseToggleFilters.vue renders correctly 1`] = `
<div
  class="toggle-filters"
>
  <vs-dropdown-stub
    class="toggler"
    color="primary"
    title="Advanced Filters"
    vscustomcontent="true"
    vstriggerclick="true"
  >
    <div
      class="toggle-icon"
    >
      <object
        data=""
        style="pointer-events: none;"
        type="image/svg+xml"
      />
    </div>
     
    <vs-dropdown-menu-stub>
      <div
        class="switch-container"
      >
        <label
          class="switch"
        >
          Only Spatial Filters
        </label>
         
        <vs-switch-stub
          class="switch"
          color="primary"
          iconpack="material-icons"
          vsicon="done"
          vsiconoff="block"
        />
      </div>
       
      <div
        class="switch-container"
      >
        <label
          class="switch"
        >
          Search Products
        </label>
         
        <vs-switch-stub
          class="switch"
          color="primary"
          iconpack="material-icons"
          value="true"
          vsicon="done"
          vsiconoff="block"
        />
      </div>
       
      <div
        class="switch-container"
      >
        <label
          class="switch"
        >
          Search Buoys
        </label>
         
        <vs-switch-stub
          class="switch"
          color="primary"
          iconpack="material-icons"
          value="true"
          vsicon="done"
          vsiconoff="block"
        />
      </div>
       
      <div
        class="switch-container"
      >
        <label
          class="switch"
        >
          Search Stations
        </label>
         
        <vs-switch-stub
          class="switch"
          color="primary"
          iconpack="material-icons"
          value="true"
          vsicon="done"
          vsiconoff="block"
        />
      </div>
    </vs-dropdown-menu-stub>
  </vs-dropdown-stub>
</div>
`;
