// Jest Snapshot v1, https://goo.gl/fbAQLP

exports[`appAbout.vue renders correctly 1`] = `
<div
  class="app-about"
>
  <vs-dropdown-stub
    class="toggler"
    color="primary"
    title="About"
    vscustomcontent="true"
    vstriggerclick="true"
  >
    <div
      class="toggle-icon"
    >
      <object
        data=""
        style="pointer-events: none;"
        type="image/svg+xml"
      />
    </div>
     
    <vs-dropdown-menu-stub>
      <div
        class="about-container"
      >
        <label
          class="label-version"
        >
          Version 
        </label>
      </div>
    </vs-dropdown-menu-stub>
  </vs-dropdown-stub>
</div>
`;
