// Jest Snapshot v1, https://goo.gl/fbAQLP

exports[`appMapViewer.vue renders correctly 1`] = `
<div
  class="app-map-viewer"
>
  <l-map-stub
    cbaselayers="[object Object],[object Object],[object Object],[object Object],[object Object],[object Object],[object Object],[object Object]"
    ccenter="[object Object]"
    cdrawoptions="[object Object]"
    cmapdefault="[object Object]"
    cmarkers="[object Object],[object Object],[object Object],[object Object]"
    cswitchlayerbasemaps="[object Object],[object Object],[object Object],[object Object],[object Object],[object Object],[object Object],[object Object]"
  />
</div>
`;
