// Jest Snapshot v1, https://goo.gl/fbAQLP

exports[`appPanels.vue renders correctly 1`] = `
<div
  class="app-info"
>
  <div
    class="panel-controls"
  >
    <div
      class="show-button show-button__left"
      data-cy="sensorsToggle"
      title="Sensors"
    >
      <object
        data=""
        style="height: 100%; pointer-events: none;"
        type="image/svg+xml"
      />
    </div>
     
    <div
      class="show-button show-button__right"
      data-cy="productsToggle"
      title="Products"
    >
      <object
        data=""
        style="height: 100%; pointer-events: none;"
        type="image/svg+xml"
      />
    </div>
  </div>
   
  <div
    class="transition-sensors"
  >
    <div
      class="sensors side-panel side-panel__sensors side-panel__reduced"
      data-cy="sensorsPanel"
      name="slide"
      style="display: none;"
    >
      <div
        class="header-panel"
      >
        <div
          class="header-buttons header-buttons__left"
        >
          <i
            class="fas fa-times header-button"
            data-cy="sensorsTogglePanel"
          />
           
          <i
            class="header-button fas fa-angle-up"
            data-cy="sensorsTogglePanelExpanded"
          />
        </div>
      </div>
       
      <panel-sensors-stub
        tableelements="15"
        tablemaxheight="171.83999999999997px"
      />
    </div>
  </div>
   
  <div
    class="transition-products"
  >
    <div
      class="products side-panel side-panel__products side-panel__reduced"
      data-cy="productsPanel"
      name="slide"
      style="display: none;"
    >
      <div
        class="header-panel"
      >
        <div
          class="header-buttons header-buttons__right"
        >
          <i
            class="fas fa-times header-button"
            data-cy="productsTogglePanel"
          />
           
          <i
            class="header-button fas fa-angle-up"
            data-cy="productsTogglePanelExpanded"
          />
        </div>
      </div>
       
      <panel-products-stub
        tableelements="15"
        tablemaxheight="171.83999999999997px"
      />
    </div>
  </div>
   
  <div
    class="transition-filters"
  >
    <div
      class="filters top-panel top-panel__reduced"
      name="slide"
    >
      <div
        class="top-panel-body top-panel-body__reduced"
        data-cy="filtersPanel"
      >
        <panel-filters-stub
          filterswidth="204.8px"
        />
      </div>
       
      <div
        class="top-panel__footer"
        data-cy="filtersToggle"
      >
        <div
          class="top-panel__footer__icon"
        >
          <object
            data=""
            style="pointer-events: none;"
            type="image/svg+xml"
          />
        </div>
         
        <label
          class="top-panel__footer__label"
        >
          Filters Manager
        </label>
      </div>
    </div>
  </div>
</div>
`;
