// Jest Snapshot v1, https://goo.gl/fbAQLP

exports[`panelSensors renders correctly 1`] = `
<div
  class="panel-sensors"
>
  <vs-table-stub
    color="primary"
    currentpage="1"
    data="[object Object],[object Object],[object Object]"
    descriptionitems=""
    maxheight="200px"
    maxitems="15"
    nodatatext="No data Available"
    pagination="true"
    search="true"
    total="0"
  >
    <template>
      <vs-th-stub
        sortkey="subTypeSensors"
      >
        Sensor SubType
      </vs-th-stub>
       
      <vs-th-stub
        sortkey="typeSensor"
      >
        Sensor Type
      </vs-th-stub>
       
      <vs-th-stub
        sortkey="name"
      >
        Sensor
      </vs-th-stub>
       
      <vs-th-stub
        colspan="2"
        sortkey="selected"
      >
        <span>
          Selected
        </span>
         
        <div>
          <vs-checkbox-stub
            class="master-checkbox-sensors"
            color="primary"
            icon="location_searching"
            iconpack="material-icons"
            size="default"
          />
        </div>
      </vs-th-stub>
    </template>
  </vs-table-stub>
</div>
`;
