// Jest Snapshot v1, https://goo.gl/fbAQLP

exports[`panelProducts.vue renders correctly 1`] = `
<div
  class="panel-products"
>
  <vs-table-stub
    color="primary"
    currentpage="1"
    data="[object Object],[object Object]"
    descriptionitems=""
    maxheight="200px"
    maxitems="15"
    nodatatext="No data Available"
    pagination="true"
    search="true"
    total="0"
  >
    <template>
      <vs-th-stub
        colspan="3"
        sortkey="selected"
      >
        <div>
          <vs-checkbox-stub
            class="master-checkbox-products"
            color="primary"
            icon="location_searching"
            iconpack="material-icons"
            size="default"
          />
        </div>
         
        <span>
          Selected
        </span>
      </vs-th-stub>
       
      <vs-th-stub
        sortkey="alias"
      >
        Product
      </vs-th-stub>
       
      <vs-th-stub
        sortkey="spatialResolution"
      >
        Spatial Res.
      </vs-th-stub>
       
      <vs-th-stub
        sortkey="temporalResolution"
      >
        Time Res.
      </vs-th-stub>
       
      <vs-th-stub
        sortkey="sourceName"
      >
        Source
      </vs-th-stub>
    </template>
  </vs-table-stub>
</div>
`;
